// Jest Snapshot v1, https://goo.gl/fbAQLP

exports[`Header component should render Header component 1`] = `
Object {
  "asFragment": [Function],
  "baseElement": <body>
    <div>
      <header
        class="mainHeader"
      >
        <div
          class="header container"
        >
          <a
            href="/"
          >
            <img
              alt="Sabka Bazar Logo"
              class="logo"
              height="86px"
              src="/static/images/logo.png"
              srcset="/static/images/logo.png, /static/images/logo_2x.png 2x"
              width="190px"
            />
          </a>
          <div
            class="navigations"
          >
            <nav
              class="nav"
            >
              <ul
                class="authHeader"
              >
                <li>
                  <a
                    href="/sign-in"
                  >
                    Sign In
                  </a>
                </li>
                <li>
                  <a
                    href="/register"
                  >
                    Register
                  </a>
                </li>
              </ul>
            </nav>
            <div
              class="mainNavContents"
            >
              <nav
                class="nav"
              >
                <ul>
                  <li>
                    <a
                      href="/"
                    >
                      Home
                    </a>
                  </li>
                  <li>
                    <a
                      href="/products"
                    >
                      Products
                    </a>
                  </li>
                </ul>
              </nav>
              <div
                class="cartBlock"
              >
                <button
                  class="cart"
                >
                  <svg
                    fill="#be2857"
                    width="20px"
                  >
                    cart.svg
                  </svg>
                  <div
                    class="cartCount"
                  >
                    0
                     items
                  </div>
                </button>
              </div>
            </div>
          </div>
        </div>
      </header>
    </div>
  </body>,
  "container": <div>
    <header
      class="mainHeader"
    >
      <div
        class="header container"
      >
        <a
          href="/"
        >
          <img
            alt="Sabka Bazar Logo"
            class="logo"
            height="86px"
            src="/static/images/logo.png"
            srcset="/static/images/logo.png, /static/images/logo_2x.png 2x"
            width="190px"
          />
        </a>
        <div
          class="navigations"
        >
          <nav
            class="nav"
          >
            <ul
              class="authHeader"
            >
              <li>
                <a
                  href="/sign-in"
                >
                  Sign In
                </a>
              </li>
              <li>
                <a
                  href="/register"
                >
                  Register
                </a>
              </li>
            </ul>
          </nav>
          <div
            class="mainNavContents"
          >
            <nav
              class="nav"
            >
              <ul>
                <li>
                  <a
                    href="/"
                  >
                    Home
                  </a>
                </li>
                <li>
                  <a
                    href="/products"
                  >
                    Products
                  </a>
                </li>
              </ul>
            </nav>
            <div
              class="cartBlock"
            >
              <button
                class="cart"
              >
                <svg
                  fill="#be2857"
                  width="20px"
                >
                  cart.svg
                </svg>
                <div
                  class="cartCount"
                >
                  0
                   items
                </div>
              </button>
            </div>
          </div>
        </div>
      </div>
    </header>
  </div>,
  "debug": [Function],
  "findAllByAltText": [Function],
  "findAllByDisplayValue": [Function],
  "findAllByLabelText": [Function],
  "findAllByPlaceholderText": [Function],
  "findAllByRole": [Function],
  "findAllByTestId": [Function],
  "findAllByText": [Function],
  "findAllByTitle": [Function],
  "findByAltText": [Function],
  "findByDisplayValue": [Function],
  "findByLabelText": [Function],
  "findByPlaceholderText": [Function],
  "findByRole": [Function],
  "findByTestId": [Function],
  "findByText": [Function],
  "findByTitle": [Function],
  "getAllByAltText": [Function],
  "getAllByDisplayValue": [Function],
  "getAllByLabelText": [Function],
  "getAllByPlaceholderText": [Function],
  "getAllByRole": [Function],
  "getAllByTestId": [Function],
  "getAllByText": [Function],
  "getAllByTitle": [Function],
  "getByAltText": [Function],
  "getByDisplayValue": [Function],
  "getByLabelText": [Function],
  "getByPlaceholderText": [Function],
  "getByRole": [Function],
  "getByTestId": [Function],
  "getByText": [Function],
  "getByTitle": [Function],
  "queryAllByAltText": [Function],
  "queryAllByDisplayValue": [Function],
  "queryAllByLabelText": [Function],
  "queryAllByPlaceholderText": [Function],
  "queryAllByRole": [Function],
  "queryAllByTestId": [Function],
  "queryAllByText": [Function],
  "queryAllByTitle": [Function],
  "queryByAltText": [Function],
  "queryByDisplayValue": [Function],
  "queryByLabelText": [Function],
  "queryByPlaceholderText": [Function],
  "queryByRole": [Function],
  "queryByTestId": [Function],
  "queryByText": [Function],
  "queryByTitle": [Function],
  "rerender": [Function],
  "unmount": [Function],
}
`;
